May  8 09:26:38 epicodus-13 Google Chrome[338] <Error>: objc[338]: Class GTMLogBasicFormatter is implemented in both /Applications/Google Chrome.app/Contents/Versions/42.0.2311.135/Google Chrome Framework.framework/Google Chrome Framework and /Applications/Google Chrome.app/Contents/Versions/42.0.2311.135/Google Chrome Framework.framework/Frameworks/KeystoneRegistration.framework/KeystoneRegistration. One of the two will be used. Which one is undefined.
May  8 09:26:38 epicodus-13 Google Chrome[338] <Error>: objc[338]: Class GTMLogger is implemented in both /Applications/Google Chrome.app/Contents/Versions/42.0.2311.135/Google Chrome Framework.framework/Google Chrome Framework and /Applications/Google Chrome.app/Contents/Versions/42.0.2311.135/Google Chrome Framework.framework/Frameworks/KeystoneRegistration.framework/KeystoneRegistration. One of the two will be used. Which one is undefined.
May  8 09:26:38 epicodus-13.local Google Chrome[338] <Warning>: stat on /Users/Guest/Library/Application Support/Google/Chrome/Default/Bookmarks: No such file or directory
May  8 09:26:38 epicodus-13.local Google Chrome Helper[345] <Debug>: LSExceptions [0x7f911150c1f0] loaded
May  8 09:26:39 epicodus-13.local Google Chrome Helper[349] <Debug>: LSExceptions [0x7fdad1e0f840] loaded
May  8 09:26:39 epicodus-13.local Google Chrome Helper[348] <Debug>: LSExceptions [0x7fcb23c11c70] loaded
May  8 09:26:39 epicodus-13.local Google Chrome Helper[352] <Debug>: LSExceptions [0x7ff032413410] loaded
May  8 09:26:39 epicodus-13.local Google Chrome Helper[350] <Debug>: LSExceptions [0x7fc84b60da70] loaded
May  8 09:26:39 epicodus-13.local Google Chrome Helper[351] <Debug>: LSExceptions [0x7fbbf144f970] loaded
May  8 09:26:40 epicodus-13.local Atom Helper[303] <Debug>: LSExceptions [0x7f89a0433f20] unloaded
May  8 09:26:40 epicodus-13.local sharingd[211] <Notice>: 09:26:40.703 : SDStatusMonitor::kStatusWirelessPowerChanged
May  8 09:26:42 epicodus-13.local Google Chrome Helper[355] <Debug>: LSExceptions [0x7fcb98c3b730] loaded
May  8 09:26:42 epicodus-13.local bird[215] <Notice>: Network reachability changed to unreachable [R tc-----]
May  8 09:26:42 epicodus-13.local AddressBookSourceSync[302] <Warning>: Could not replace account with identifier: _local
May  8 09:26:42 epicodus-13.local sharingd[211] <Warning>: Could not replace account with identifier: _local
May  8 09:26:42 --- last message repeated 3 times ---
May  8 09:26:42 epicodus-13.local soagent[255] <Warning>: Could not replace account with identifier: _local
May  8 09:26:42 epicodus-13.local AddressBookSourceSync[302] <Warning>: Could not replace account with identifier: _local
May  8 09:26:42 --- last message repeated 2 times ---
May  8 09:26:42 epicodus-13.local CalNCService[286] <Warning>: Could not replace account with identifier: _local
May  8 09:26:42 epicodus-13.local callservicesd[230] <Warning>: Could not replace account with identifier: _local
May  8 09:26:42 epicodus-13.local CalNCService[286] <Warning>: Could not replace account with identifier: _local
May  8 09:26:42 epicodus-13.local callservicesd[230] <Warning>: Could not replace account with identifier: _local
May  8 09:26:42 epicodus-13.local soagent[255] <Warning>: Could not replace account with identifier: _local
May  8 09:26:42 epicodus-13.local CalendarAgent[247] <Warning>: Could not replace account with identifier: _local
May  8 09:26:42 epicodus-13.local CalNCService[286] <Warning>: Could not replace account with identifier: _local
May  8 09:26:42 epicodus-13.local soagent[255] <Warning>: Could not replace account with identifier: _local
May  8 09:26:42 epicodus-13.local CalendarAgent[247] <Warning>: Could not replace account with identifier: _local
May  8 09:26:42 epicodus-13.local callservicesd[230] <Warning>: Could not replace account with identifier: _local
May  8 09:26:42 epicodus-13.local CalendarAgent[247] <Warning>: Could not replace account with identifier: _local
May  8 09:26:42 epicodus-13.local SpotlightNetHelper[259] <Warning>: [SLSUGGESTIONS] Got bag error Error Domain=NSURLErrorDomain Code=-1009 "The operation couldn’t be completed. (NSURLErrorDomain error -1009.)" UserInfo=0x7fc2ab549580 {NSErrorFailingURLStringKey=https://api.smoot.apple.com/bag?key=andromeda&locale=en-IE, NSErrorFailingURLKey=https://api.smoot.apple.com/bag?key=andromeda&locale=en-IE, _kCFStreamErrorDomainKey=12, _kCFStreamErrorCodeKey=8, NSUnderlyingError=0x7fc2ab553e30 "The operation couldn’t be completed. (kCFErrorDomainCFNetwork error -1009.)"}
May  8 09:26:42 epicodus-13.local cloudd[356] <Error>: Could not create primary backing account
May  8 09:26:43 epicodus-13.local com.apple.RemindersNC[329] <Debug>: LSExceptions [0x6080000a18c0] unloaded
May  8 09:26:43 epicodus-13.local Google Chrome Helper[362] <Debug>: LSExceptions [0x7fd9c2604020] loaded
May  8 09:26:44 epicodus-13.local Google Chrome Helper[363] <Debug>: LSExceptions [0x7f8a8852d2e0] loaded
May  8 09:26:44 epicodus-13.local LaterAgent[330] <Debug>: LSExceptions [0x7fe66a70dc40] unloaded
May  8 09:26:44 epicodus-13.local CoreServicesUIAgent[332] <Debug>: LSExceptions [0x7fb8d9c18bd0] unloaded
May  8 09:26:48 epicodus-13.local Dock[204] <Debug>: LSExceptions [0x6100000b2840] unloaded
May  8 09:26:49 epicodus-13.local Google Chrome[338] <Debug>: LSExceptions [0x6000000b6080] unloaded
May  8 09:26:50 epicodus-13.local Google Chrome Helper[349] <Debug>: LSExceptions [0x7fdad1e0f840] unloaded
May  8 09:26:50 epicodus-13.local Google Chrome Helper[352] <Debug>: LSExceptions [0x7ff032413410] unloaded
May  8 09:26:50 epicodus-13.local Google Chrome Helper[348] <Debug>: LSExceptions [0x7fcb23c11c70] unloaded
May  8 09:26:50 epicodus-13.local Google Chrome Helper[351] <Debug>: LSExceptions [0x7fbbf144f970] unloaded
May  8 09:26:50 epicodus-13.local Google Chrome Helper[350] <Debug>: LSExceptions [0x7fc84b60da70] unloaded
May  8 09:26:53 epicodus-13.local bird[215] <Notice>: Network reachability changed to unreachable [- -------]
May  8 09:26:53 epicodus-13.local IMRemoteURLConnectionAgent[376] <Notice>: SACShieldWindowShowing:925: ERROR: NULL response
May  8 09:26:54 epicodus-13.local bird[215] <Notice>: Network reachability changed to reachable [R -------]
May  8 09:26:55 epicodus-13.local Google Chrome Helper[363] <Debug>: LSExceptions [0x7f8a8852d2e0] unloaded
May  8 09:26:59 epicodus-13.local bird[215] <Notice>: Network really becomes reachable
May  8 09:27:02 epicodus-13.local Google Chrome Helper[379] <Debug>: LSExceptions [0x7fefe0f0b7b0] loaded
May  8 09:27:07 epicodus-13.local Google Chrome Helper[382] <Debug>: LSExceptions [0x7f978342f900] loaded
May  8 09:27:13 epicodus-13.local Google Chrome Helper[379] <Debug>: LSExceptions [0x7fefe0f0b7b0] unloaded
May  8 09:27:18 epicodus-13.local Google Chrome Helper[382] <Debug>: LSExceptions [0x7f978342f900] unloaded
May  8 09:28:12 epicodus-13.local Google Chrome[338] <Debug>: LSExceptions [0x6000002bad00] loaded
May  8 09:28:12 epicodus-13.local CoreServicesUIAgent[332] <Warning>: Error -60005 creating authorization
May  8 09:28:12 epicodus-13.local Archive Utility[392] <Debug>: LSExceptions [0x7fcb09f027a0] loaded
May  8 09:28:22 epicodus-13.local Google Chrome[338] <Debug>: LSExceptions [0x6000002bad00] unloaded
May  8 09:30:10 epicodus-13.local TMHelperAgent[406] <Debug>: LSExceptions [0x7f96e0d13bb0] loaded
May  8 09:30:18 epicodus-13.local imklaunchagent[409] <Debug>: LSExceptions [0x7f8661f14310] loaded
May  8 09:30:18 epicodus-13.local CharacterPalette[410] <Debug>: LSExceptions [0x6180000aa3e0] loaded
May  8 09:30:28 epicodus-13.local CharacterPalette[410] <Debug>: LSExceptions [0x6180000aa3e0] unloaded
May  8 09:30:28 epicodus-13.local imklaunchagent[409] <Debug>: LSExceptions [0x7f8661f14310] unloaded
May  8 09:31:10 epicodus-13.local Spotlight[234] <Debug>: LSExceptions [0x6180000aa920] loaded
May  8 09:31:11 epicodus-13.local Notes[414] <Debug>: LSExceptions [0x6100000bda00] loaded
May  8 09:31:11 epicodus-13.local Notes[414] <Debug>: __SCNetworkConnectionGetControllerPortName() returns port: com.apple.SystemConfiguration.PPPController
May  8 09:31:20 epicodus-13.local Spotlight[234] <Debug>: LSExceptions [0x6180000aa920] unloaded
May  8 09:31:21 epicodus-13.local CoreServicesUIAgent[332] <Debug>: LSExceptions [0x7fb8d9d78250] loaded
May  8 09:31:21 epicodus-13.local System Preferences[421] <Debug>: LSExceptions [0x6100000b8180] loaded
May  8 09:31:21 epicodus-13.local Notes[414] <Debug>: LSExceptions [0x6100000bda00] unloaded
May  8 09:31:29 epicodus-13.local System Preferences[421] <Warning>: Failed to connect (mPasskeyDisplay) outlet from (IOBluetoothDevicePairViewController) to (IOBluetoothPasskeyDisplay): missing setter or instance variable
May  8 09:31:29 epicodus-13.local System Preferences[421] <Warning>: [BluetoothHIDDevice][initWithHIDDevice] Unable to get Object ID from IORegistry
May  8 09:31:31 --- last message repeated 1 time ---
May  8 09:31:31 epicodus-13.local CoreServicesUIAgent[332] <Debug>: LSExceptions [0x7fb8d9d78250] unloaded
May  8 09:31:32 epicodus-13.local System Preferences[421] <Debug>: LSExceptions [0x6100000b8180] unloaded
May  8 09:31:38 epicodus-13.local System Preferences[421] <Warning>: [BluetoothHIDDevice][initWithHIDDevice] Unable to get Object ID from IORegistry
May  8 09:31:45 epicodus-13.local System Preferences[421] <Warning>: Unable to simultaneously satisfy constraints:
	(
	    "<NSLayoutConstraint:0x60000009e000 NSTextField:0x6000003886e0.centerY == NSCustomView:0x600000158cb0.centerY>",
	    "<NSLayoutConstraint:0x60000009e0a0 V:[NSScrollView:0x6000001ddb50]-(47)-[NSTextField:0x6000003886e0]>",
	    "<NSLayoutConstraint:0x60000009dfb0 V:[NSScrollView:0x6000001ddb50]-(4)-[NSCustomView:0x600000158cb0]>",
	    "<NSLayoutConstraint:0x60000009e280 V:[NSTextField:0x6000003886e0]-(51)-[NSButton:0x600000158b50'Cancel']>",
	    "<NSLayoutConstraint:0x60000009e1e0 V:[NSCustomView:0x600000158cb0]-(9)-[NSButton:0x600000158b50'Cancel']>"
	)
	
	Will attempt to recover by breaking constraint 
	<NSLayoutConstraint:0x60000009e280 V:[NSTextField:0x6000003886e0]-(51)-[NSButton:0x600000158b50'Cancel']>
	
	Set the NSUserDefault NSConstraintBasedLayoutVisualizeMutuallyExclusiveConstraints to YES to have -[NSWindow visualizeConstraints:] automatically called when this happens.  And/or, break on objc_exception_throw to catch this in the debugger.
May  8 09:31:54 epicodus-13.local System Preferences[421] <Warning>: Unable to simultaneously satisfy constraints:
	(
	    "<NSLayoutConstraint:0x60000009d5b0 H:[NSSearchField:0x6000001b2fa0(>=183)]>",
	    "<NSLayoutConstraint:0x60000009dc90 NSScrollView:0x6000001ddf10.trailing == NSSearchField:0x6000001b2fa0.trailing>",
	    "<NSLayoutConstraint:0x60000009e140 NSSearchField:0x6000001b2fa0.leading == NSScrollView:0x6000001ddf10.leading>",
	    "<NSLayoutConstraint:0x60000009dab0 H:[NSScrollView:0x6000001ddf10(137)]>"
	)
	
	Will attempt to recover by breaking constraint 
	<NSLayoutConstraint:0x60000009d5b0 H:[NSSearchField:0x6000001b2fa0(>=183)]>
	
	Set the NSUserDefault NSConstraintBasedLayoutVisualizeMutuallyExclusiveConstraints to YES to have -[NSWindow visualizeConstraints:] automatically called when this happens.  And/or, break on objc_exception_throw to catch this in the debugger.
May  8 09:33:54 epicodus-13.local CoreServicesUIAgent[332] <Warning>: unexpected message <OS_xpc_error: <error: 0x7fff726ecc60> { count = 1, contents =
		"XPCErrorDescription" => <string: 0x7fff726ecf70> { length = 18, contents = "Connection invalid" }
	}>
May  8 09:34:20 epicodus-13.local Dock[204] <Debug>: LSExceptions [0x6100000b6f20] loaded
May  8 09:34:20 epicodus-13.local Terminal[428] <Debug>: LSExceptions [0x6080000b00e0] loaded
May  8 09:34:31 epicodus-13.local Dock[204] <Debug>: LSExceptions [0x6100000b6f20] unloaded
May  8 09:34:31 epicodus-13.local Terminal[428] <Debug>: LSExceptions [0x6080000b00e0] unloaded
May  8 09:36:31 epicodus-13.local Google Chrome Helper[444] <Debug>: LSExceptions [0x7fd3f9636a80] loaded
May  8 09:36:35 epicodus-13.local Google Chrome Helper[446] <Debug>: LSExceptions [0x7fd9b07057e0] loaded
May  8 09:36:42 epicodus-13.local Google Chrome Helper[447] <Debug>: LSExceptions [0x7f863b4105f0] loaded
May  8 09:36:42 epicodus-13.local Google Chrome Helper[444] <Debug>: LSExceptions [0x7fd3f9636a80] unloaded
May  8 09:36:52 epicodus-13.local Google Chrome Helper[447] <Debug>: LSExceptions [0x7f863b4105f0] unloaded
May  8 09:36:53 epicodus-13.local Google Chrome Helper[451] <Debug>: LSExceptions [0x7f83fbd0f2d0] loaded
May  8 09:37:00 epicodus-13.local Google Chrome Helper[452] <Debug>: LSExceptions [0x7fea9bd0d460] loaded
May  8 09:37:11 epicodus-13.local Google Chrome Helper[452] <Debug>: LSExceptions [0x7fea9bd0d460] unloaded
